// Jest Snapshot v1, https://goo.gl/fbAQLP

exports[`Render ExpenseList with expenses 1`] = `
<div>
  <ExpenseListItem
    amount={195}
    createdAt={0}
    description="Gum"
    id="1"
    key="1"
    note=""
    props={true}
  />
  <ExpenseListItem
    amount={109500}
    createdAt={-345600000}
    description="Rent"
    id="2"
    key="2"
    note=""
    props={true}
  />
  <ExpenseListItem
    amount={4500}
    createdAt={432000000}
    description="Credit Card"
    id="3"
    key="3"
    note=""
    props={true}
  />
</div>
`;

exports[`Render ExpenseList witout expenses 1`] = `
<div>
  <p>
    No Expenses
  </p>
</div>
`;
